// Jest Snapshot v1, https://goo.gl/fbAQLP

exports[`adds 1+2 to equal 3 1`] = `
<a
  href="https://gogole.co"
>
  Google
</a>
`;
